accepted sym (A : 𝕌₀) (a : ☐₀) (b : ☐₁) (h : ☐₁ ≡ ☐₀ ∈ ☐₂) : ☐₁ ≡ ☐₂ ∈ ☐₃ := ⋆
accepted trans (A : 𝕌₀) (a : ☐₀) (b : ☐₁) (c : ☐₂) (ab : ☐₂ ≡ ☐₁ ∈ ☐₃) (bc : ☐₂ ≡ ☐₁ ∈ ☐₄) : ☐₄ ≡ ☐₂ ∈ ☐₅ := ⋆
accepted coe (A : 𝕌₀) (B : 𝕌₀) (h : ☐₁ ≡ ☐₀ ∈ 𝕌₀) (a : ☐₂) : ☐₂ := ☐₀
accepted transport (A : 𝕌₀) (P : ☐₀ → 𝕌₀) (a : ☐₁) (b : ☐₂) (h : ☐₁ ≡ ☐₀ ∈ ☐₃) (p : ☐₃ ☐₂) : ☐₄ ☐₂ := ☐₀
accepted cong (A : 𝕌₀) (B : ☐₀ → 𝕌₀) (f : ☐₁ → ☐₁ ☐₀) (v : ☐₂) (w : ☐₃) (h : ☐₁ ≡ ☐₀ ∈ ☐₄) : ☐₃ ☐₂ ≡ ☐₃ ☐₁ ∈ ☐₄ ☐₁ := ⋆
accepted irr (A : 𝕌₀) (v : ☐₀) (u : ☐₁) (p : ☐₁ ≡ ☐₀ ∈ ☐₂) : ☐₀ ≡ ⋆ ∈ (☐₂ ≡ ☐₁ ∈ ☐₃) := ⋆
accepted paireta (A : 𝕌₀) (B : ☐₀ → 𝕌₀) (p : ☐₁ × ☐₁ ☐₀) : (☐₀ .π₁, ☐₀ .π₂) ≡ ☐₀ ∈ (☐₂ × ☐₂ ☐₀) := ⋆
accepted pairext (A : 𝕌₀) (B : ☐₀ → 𝕌₀) (x : ☐₁ × ☐₁ ☐₀) (y : ☐₂ × ☐₂ ☐₀) (h1 : ☐₁ .π₁ ≡ ☐₀ .π₁ ∈ ☐₃) (h2 : ☐₂ .π₂ ≡ ☐₁ .π₂ ∈ ☐₃ (☐₁ .π₁)) : ☐₃ ≡ ☐₂ ∈ (☐₅ × ☐₅ ☐₀) := ⋆
accepted ext (A : 𝕌₀) (B : 𝕌₀) (f : ☐₁ → ☐₁) (g : ☐₂ → ☐₂) (h : ☐₃ → ☐₂ ☐₀ ≡ ☐₁ ☐₀ ∈ ☐₃) : ☐₂ ≡ ☐₁ ∈ (☐₄ → ☐₄) := ⋆
accepted apply (A : 𝕌₀) (B : ☐₀ → 𝕌₀) (f : ☐₁ → ☐₁ ☐₀) (a : ☐₂) : ☐₂ ☐₀ := ☐₁ ☐₀
exit 0
