accepted plus (n : ℕ) (m : ℕ) : ℕ := ℕ-elim ☐1 (.. S ☐0) ☐0
accepted pred (n : ℕ) : ℕ := ℕ-elim Z (.. ☐1) ☐0
accepted apply-twice (f : ℕ → ℕ) (x : ℕ) : ℕ := ☐1 (☐1 ☐0)
accepted twice : (ℕ → ℕ) → ℕ → ℕ := λ. λ. ☐1 (☐1 ☐0)
accepted plusSucId (n : ℕ) (m : ℕ) : plus[☐1, S ☐0] ≡ S plus[☐1, ☐0] ∈ ℕ := ⋆
accepted long-type : 𝕌₀ → (☐0 → 𝕌₀) → (☐1 → ☐1 ☐0) → ☐2 → ☐2 ☐0 := λ. λ. λ. λ. ☐1 ☐0
exit 0
