rejected app-lam (line 3): the definiens: this proof only checks; annotate it to synthesise
accepted app-lam-annot : ℕ := (λ. ☐₀) Z
rejected bad-chain (line 5): the definiens: the chain's middles do not agree
accepted eta : (ℕ → ℕ) → ☐₀ ≡ (λ. ☐₁ ☐₀) ∈ (ℕ → ℕ) := λ. ⋆
accepted eta-pair : ℕ × ℕ → ☐₀ ≡ (☐₀ .π₁, ☐₀ .π₂) ∈ (ℕ × ℕ) := λ. ⋆
rejected unknown (line 8): the definiens: unknown item 'foo'
exit 1
