accepted plus (n : ℕ) (m : ℕ) : ℕ := ℕ-elim ☐1 (.. S ☐0) ☐0
accepted plusZeroId (n : ℕ) : plus[☐0, Z] ≡ ☐0 ∈ ℕ := ⋆
accepted plusSucId (n : ℕ) (m : ℕ) : plus[☐1, S ☐0] ≡ S plus[☐1, ☐0] ∈ ℕ := ⋆
accepted zeroPlusId (n : ℕ) : plus[Z, ☐0] ≡ ☐0 ∈ ℕ := ℕ-elim ⋆ (.. ⋆) ☐0
accepted sucPlus (n : ℕ) (m : ℕ) : plus[S ☐1, ☐0] ≡ S plus[☐1, ☐0] ∈ ℕ := ℕ-elim ⋆ (.. ⋆) ☐0
accepted plusComm (n : ℕ) (m : ℕ) : plus[☐0, ☐1] ≡ plus[☐1, ☐0] ∈ ℕ := ℕ-elim ⋆ (.. ⋆) ☐0
accepted pred (n : ℕ) : ℕ := ℕ-elim Z (.. ☐1) ☐0
accepted sucInj (n : ℕ) (m : ℕ) (h : S ☐1 ≡ S ☐0 ∈ ℕ) : ☐2 ≡ ☐1 ∈ ℕ := ⋆
rejected arity (line 48): the definiens: spine: 1 arguments against a telescope of 2
exit 1
