accepted plus (n : ℕ) (m : ℕ) : ℕ := ℕ-elim ☐1 (.. S ☐0) ☐0
accepted two : ℕ := plus[S Z, S Z]
accepted two-is-SSZ : two ≡ S (S Z) ∈ ℕ := ⋆
rejected two-stuck (line 12): switch: the synthesised and the expected type do not agree
accepted S-cong (n : ℕ) (h : ☐0 ≡ Z ∈ ℕ) : S ☐1 ≡ S Z ∈ ℕ := ⋆
accepted plus-0-3 : plus[Z, S (S (S Z))] ≡ S (S (S Z)) ∈ ℕ := ⋆
accepted plus-n-0 (n : ℕ) : plus[☐0, Z] ≡ ☐0 ∈ ℕ := ⋆
accepted plus-0-n (n : ℕ) : plus[Z, ☐0] ≡ ☐0 ∈ ℕ := ℕ-elim ⋆ (.. ⋆) ☐0
rejected plus-0-n-stuck (line 38): the chain's middles do not agree
exit 1
