accepted hd (t : ν (K ℕ × 𝕏)) : ℕ := (out ☐₀) .π₁
accepted tl (t : ν (K ℕ × 𝕏)) : ν (K ℕ × 𝕏) := (out ☐₀) .π₂
accepted cons (x : ℕ) (s : ν (K ℕ × 𝕏)) : ν (K ℕ × 𝕏) := corec (K ℕ × 𝕏) (. (☐₀ .π₁, out (☐₀ .π₂))) (☐₁, ☐₀)
accepted iterate (f : ℕ → ℕ) (x : ℕ) : ν (K ℕ × 𝕏) := corec (K ℕ × 𝕏) (. (☐₀, ☐₂ ☐₀)) ☐₀
accepted hdCons (x : ℕ) (s : ν (K ℕ × 𝕏)) : hd[cons[☐₁, ☐₀]] ≡ ☐₁ ∈ ℕ := ⋆
accepted hdIterate (f : ℕ → ℕ) (x : ℕ) : hd[iterate[☐₁, ☐₀]] ≡ ☐₀ ∈ ℕ := ⋆
accepted hdTlIterate (f : ℕ → ℕ) (x : ℕ) : hd[tl[iterate[☐₁, ☐₀]]] ≡ ☐₁ ☐₀ ∈ ℕ := ⋆
accepted hdTlCons (x : ℕ) (s : ν (K ℕ × 𝕏)) : hd[tl[cons[☐₁, ☐₀]]] ≡ hd[☐₀] ∈ ℕ := ⋆
rejected bad-coalgebra (line 38): the definiens: corec: the coalgebra: the synthesised and the expected type do not agree
accepted zeros : ν (K ℕ × 𝕏) := corec (K ℕ × 𝕏) (. (Z, ☐₀)) ()
accepted zeros' : ν (K ℕ × 𝕏) := corec (K ℕ × 𝕏) (. (Z, ☐₀)) Z
accepted same : zeros ≡ zeros' ∈ ν (K ℕ × 𝕏) := ⋆
exit 1
