accepted hd (t : ν (K ℕ × 𝕏)) : ℕ := (out ☐0) .π₁
accepted tl (t : ν (K ℕ × 𝕏)) : ν (K ℕ × 𝕏) := (out ☐0) .π₂
accepted cons (x : ℕ) (s : ν (K ℕ × 𝕏)) : ν (K ℕ × 𝕏) := corec (K ℕ × 𝕏) (. (☐0 .π₁, out (☐0 .π₂))) (☐1, ☐0)
accepted iterate (f : ℕ → ℕ) (x : ℕ) : ν (K ℕ × 𝕏) := corec (K ℕ × 𝕏) (. (☐0, ☐2 ☐0)) ☐0
accepted hdCons (x : ℕ) (s : ν (K ℕ × 𝕏)) : hd[cons[☐1, ☐0]] ≡ ☐1 ∈ ℕ := ⋆
accepted hdIterate (f : ℕ → ℕ) (x : ℕ) : hd[iterate[☐1, ☐0]] ≡ ☐0 ∈ ℕ := ⋆
accepted hdTlIterate (f : ℕ → ℕ) (x : ℕ) : hd[tl[iterate[☐1, ☐0]]] ≡ ☐1 ☐0 ∈ ℕ := ⋆
accepted hdTlCons (x : ℕ) (s : ν (K ℕ × 𝕏)) : hd[tl[cons[☐1, ☐0]]] ≡ hd[☐0] ∈ ℕ := ⋆
rejected bad-coalgebra (line 38): the definiens: corec: the coalgebra: the synthesised and the expected type do not agree
accepted zeros : ν (K ℕ × 𝕏) := corec (K ℕ × 𝕏) (. (Z, ☐0)) ()
accepted zeros' : ν (K ℕ × 𝕏) := corec (K ℕ × 𝕏) (. (Z, ☐0)) Z
accepted same : zeros ≡ zeros' ∈ ν (K ℕ × 𝕏) := ⋆
exit 1
