accepted plusQ (a : ⟨3@0⟩.⬡2) (b : ⟨3@0⟩.⬡2) : ⟨3@0⟩.⬡2 := ⟨3@0⟩.⬡2-elim[☐0, λ. λ. ⟨3@0⟩.⬡0[☐0]] ☐1
accepted plusQzl (b : ⟨3@0⟩.⬡2) : plusQ[⟨3@0⟩.⬡1, ☐0] ≡ ☐0 ∈ ⟨3@0⟩.⬡2 := ⋆
accepted plusQsl (a : ⟨3@0⟩.⬡2) (b : ⟨3@0⟩.⬡2) : plusQ[⟨3@0⟩.⬡0[☐1], ☐0] ≡ ⟨3@0⟩.⬡0[plusQ[☐1, ☐0]] ∈ ⟨3@0⟩.⬡2 := ⋆
accepted swap (x : ℕ) (y : ℕ) (m : ⟨4@0⟩.⬡3) : ⟨4@0⟩.⬡1[☐2, ⟨4@0⟩.⬡1[☐1, ☐0]] ≡ ⟨4@0⟩.⬡1[☐1, ⟨4@0⟩.⬡1[☐2, ☐0]] ∈ ⟨4@0⟩.⬡3 := ⋆
accepted size (m : ⟨4@0⟩.⬡3) : ℕ := ⟨4@0⟩.⬡3-elim[Z, λ. λ. λ. S ☐0] ☐0
accepted sizeTwo : size[⟨4@0⟩.⬡1[Z, ⟨4@0⟩.⬡1[S Z, ⟨4@0⟩.⬡2]]] ≡ S (S Z) ∈ ℕ := ⋆
rejected first (line 43): the definiens: 𝒮.𝕤-elim: the displayed spine: the synthesised and the expected type do not agree
accepted vlen (n : ℕ) (v : ⟨3@0⟩.⬡2[☐0]) : ℕ := ⟨3@0⟩.⬡2-elim[Z, λ. λ. λ. λ. S ☐0][☐1] ☐0
accepted single : ⟨3@0⟩.⬡2[S Z] := ⟨3@0⟩.⬡0[Z, S (S (S Z)), ⟨3@0⟩.⬡1]
accepted vlenSingle : vlen[S Z, single] ≡ S Z ∈ ℕ := ⋆
accepted clen (g : ⟨6@0⟩.⬡5) : ℕ := ⟨6@0⟩.⬡5-elim[Z, λ. λ. λ. λ. S ☐2, λ. λ. S Z, λ. λ. λ. λ. λ. λ. S ☐2] ☐0
accepted tsize (g : ⟨6@0⟩.⬡5) (t : ⟨6@0⟩.⬡4[☐0]) : ℕ := ⟨6@0⟩.⬡4-elim[Z, λ. λ. λ. λ. S ☐2, λ. λ. S Z, λ. λ. λ. λ. λ. λ. S ☐2][☐1] ☐0
accepted g1 : ⟨6@0⟩.⬡5 := ⟨6@0⟩.⬡2[⟨6@0⟩.⬡3, ⟨6@0⟩.⬡1[⟨6@0⟩.⬡3]]
accepted clenG1 : clen[g1] ≡ S Z ∈ ℕ := ⋆
exit 1
