accepted plus (n : ℕ) (m : ℕ) : ℕ := ℕ-elim ☐1 (.. S ☐0) ☐0
accepted sum-case (s : ℕ ⊎ 𝟙) : ℕ := ⊎-elim (. ☐0) (. Z) ☐0
accepted Q : 𝕌0 := ℕ / (.. ∥𝟙∥)
accepted q-const (q : Q) : ℕ := quot-elim (. Z) ☐0
accepted unsq (h : ∥ℕ∥) : ∥𝟙∥ := ⋆
accepted pe (p : Ω) (q : Ω) (f : ☐1 → ☐1) (g : ☐1 → ☐3) : ☐3 ≡ ☐2 ∈ Ω := ⋆
accepted restr (A : 𝕌0) (B : 𝕌0) (h : ☐1 ≡ ☐0 ∈ 𝕌1) : ☐2 ≡ ☐1 ∈ 𝕌0 := ⋆
accepted pirr (p : Ω) (h : ☐0) (k : ☐1) : ☐1 ≡ ☐0 ∈ ☐2 := ⋆
accepted uirr (a : 𝟙) (b : 𝟙) : ☐1 ≡ ☐0 ∈ 𝟙 := ⋆
accepted qeq : class Z ≡ class (S Z) ∈ (ℕ / (.. ∥𝟙∥)) := ⋆
accepted coe (A : 𝕌0) (B : 𝕌0) (h : ☐1 ≡ ☐0 ∈ 𝕌0) (a : ☐2) : ☐2 := ☐0
accepted chain (n : ℕ) : plus[☐0, S Z] ≡ S plus[☐0, Z] ∈ ℕ := ⋆
accepted lam-app : ℕ := (λ. ☐0) Z
accepted pair-proj : ℕ := (Z, S Z) .π₂
accepted let-in : ℕ := let (S Z) (.. S Z)
accepted absurd (e : 𝟘) : ℕ := 𝟘-elim ☐0
accepted eta (f : ℕ → ℕ) : ☐0 ≡ (λ. ☐1 ☐0) ∈ (ℕ → ℕ) := ⋆
accepted eta-pair (p : ℕ × ℕ) : ☐0 ≡ (☐0 .π₁, ☐0 .π₂) ∈ (ℕ × ℕ) := ⋆
accepted formers : 𝕌1 := (𝕌0 → ☐0 → ☐1) × (ℕ ⊎ 𝟙) × (ℕ / (.. ∥𝟙∥)) × Z ≡ Z ∈ ℕ
accepted inj : ℕ ⊎ 𝟙 := inj₁ (S Z)
accepted lifted : 𝕌1 := ℕ
accepted sym-app (n : ℕ) (h : plus[☐0, Z] ≡ ☐0 ∈ ℕ) : ☐1 ≡ plus[☐1, Z] ∈ ℕ := ⋆
exit 0
